<html>
<body>
<pre>
<h1>µVision Build Log</h1>
<h2>Tool Versions:</h2>
IDE-Version: µVision V5.24.2.0
Copyright (C) 2017 ARM Ltd and ARM Germany GmbH. All rights reserved.
License Information: Jonathan Chevalier, Polytechnique Montréal, LIC=----
 
Tool Versions:
Toolchain:       MDK-Lite  Version: 5.24.1
Toolchain Path:  C:\Keil_v5\ARM\ARMCC\Bin
C Compiler:      Armcc.exe V5.06 update 5 (build 528)
Assembler:       Armasm.exe V5.06 update 5 (build 528)
Linker/Locator:  ArmLink.exe V5.06 update 5 (build 528)
Library Manager: ArmAr.exe V5.06 update 5 (build 528)
Hex Converter:   FromElf.exe V5.06 update 5 (build 528)
CPU DLL:         SARMCM3.DLL V5.24.1
Dialog DLL:      DCM.DLL V1.16.0.0
Target DLL:      STLink\ST-LINKIII-KEIL_SWO.dll V3.0.1.0
Dialog DLL:      TCM.DLL V1.32.0.0
 
<h2>Project:</h2>
D:\Users\Jonathan\Desktop\Poly sessions antérieures\Poly A17\ELE3312 - Micocontroleurs\Lab\Tetris\MDK-ARM\Tetris.uvprojx
Project File Date:  11/17/2017

<h2>Output:</h2>
*** Using Compiler 'V5.06 update 5 (build 528)', folder: 'C:\Keil_v5\ARM\ARMCC\Bin'
Rebuild target 'Tetris'
assembling startup_stm32f401xe.s...
compiling tim.c...
compiling gpio.c...
compiling system_stm32f4xx.c...
compiling GRID.c...
..\Src\tetris.h(35): warning:  #1000-D: a storage class may not be specified here
  extern enum BLOCK{O,I,S,Z,L,J,T};
..\Src\GRID.c: 1 warning, 0 errors
compiling MOVE.c...
..\Src\tetris.h(35): warning:  #1000-D: a storage class may not be specified here
  extern enum BLOCK{O,I,S,Z,L,J,T};
..\Src\MOVE.c: 1 warning, 0 errors
compiling DISPLAY.C...
..\Src\tetris.h(35): warning:  #1000-D: a storage class may not be specified here
  extern enum BLOCK{O,I,S,Z,L,J,T};
..\Src\DISPLAY.C: 1 warning, 0 errors
compiling adc.c...
compiling main.c...
../Src/tetris.h(35): warning:  #1000-D: a storage class may not be specified here
  extern enum BLOCK{O,I,S,Z,L,J,T};
../Src/main.c: 1 warning, 0 errors
compiling SOUNDS.c...
..\Src\tetris.h(35): warning:  #1000-D: a storage class may not be specified here
  extern enum BLOCK{O,I,S,Z,L,J,T};
..\Src\SOUNDS.c: 1 warning, 0 errors
compiling stm32f4xx_hal_msp.c...
compiling stm32f4xx_it.c...
compiling stm32f4xx_hal_flash_ramfunc.c...
compiling stm32f4xx_hal_flash_ex.c...
compiling stm32f4xx_hal_adc.c...
compiling LCD.C...
compiling stm32f4xx_hal_pwr_ex.c...
compiling stm32f4xx_hal_adc_ex.c...
compiling stm32f4xx_hal_tim.c...
compiling stm32f4xx_hal.c...
compiling stm32f4xx_hal_flash.c...
compiling stm32f4xx_hal_pwr.c...
compiling stm32f4xx_hal_rcc_ex.c...
compiling stm32f4xx_hal_gpio.c...
compiling stm32f4xx_hal_dma_ex.c...
compiling stm32f4xx_hal_cortex.c...
compiling stm32f4xx_hal_dma.c...
compiling stm32f4xx_hal_rcc.c...
compiling stm32f4xx_hal_tim_ex.c...
linking...
Program Size: Code=6122 RO-data=454 RW-data=8 ZI-data=1216  
"Tetris\Tetris.axf" - 0 Error(s), 5 Warning(s).

<h2>Software Packages used:</h2>

Package Vendor: ARM
                http://www.keil.com/pack/ARM.CMSIS.5.0.1.pack
                ARM.CMSIS.5.0.1
                CMSIS (Cortex Microcontroller Software Interface Standard)
   * Component: CORE Version: 5.0.1

Package Vendor: Keil
                http://www.keil.com/pack/Keil.STM32F4xx_DFP.2.11.0.pack
                Keil.STM32F4xx_DFP.2.11.0
                STMicroelectronics STM32F4 Series Device Support, Drivers and Examples

<h2>Collection of Component include folders:</h2>
  .\RTE\_Tetris
  C:\Keil_v5\ARM\PACK\ARM\CMSIS\5.0.1\CMSIS\Include
  C:\Keil_v5\ARM\PACK\Keil\STM32F4xx_DFP\2.11.0\Drivers\CMSIS\Device\ST\STM32F4xx\Include

<h2>Collection of Component Files used:</h2>

   * Component: ARM::CMSIS:CORE:5.0.1
Build Time Elapsed:  00:00:11
</pre>
</body>
</html>
